--------- beginning of system
--------- beginning of main
2024-09-13 02:20:34.846 10179-10179 m.entalpiya.app         com.entalpiya.app                    I  Late-enabling -Xcheck:jni
2024-09-13 02:20:35.065 10179-10179 m.entalpiya.app         com.entalpiya.app                    I  Using CollectorTypeCMC GC.
2024-09-13 02:20:35.066 10179-10179 m.entalpiya.app         com.entalpiya.app                    W  Unexpected CPU variant for x86: x86_64.
                                                                                                    Known variants: atom, sandybridge, silvermont, goldmont, goldmont-plus, goldmont-without-sha-xsaves, tremont, kabylake, default
2024-09-13 02:20:35.669 10179-10179 nativeloader            com.entalpiya.app                    D  Load libframework-connectivity-tiramisu-jni.so using APEX ns com_android_tethering for caller /apex/com.android.tethering/javalib/framework-connectivity-t.jar: ok
2024-09-13 02:20:36.376 10179-10179 Compatibil...geReporter com.entalpiya.app                    D  Compat change id reported: 171979766; UID 10190; state: ENABLED
2024-09-13 02:20:36.378 10179-10179 Compatibil...geReporter com.entalpiya.app                    D  Compat change id reported: 242716250; UID 10190; state: DISABLED
2024-09-13 02:20:36.468 10179-10179 ziparchive              com.entalpiya.app                    W  Unable to open '/data/app/~~jdbIcZcUW5jpSe_X760CEg==/com.entalpiya.app-4MqQVH5kLuuF2OELBA6VVg==/base.dm': No such file or directory
2024-09-13 02:20:36.469 10179-10179 ziparchive              com.entalpiya.app                    W  Unable to open '/data/app/~~jdbIcZcUW5jpSe_X760CEg==/com.entalpiya.app-4MqQVH5kLuuF2OELBA6VVg==/base.dm': No such file or directory
2024-09-13 02:20:36.893 10179-10179 nativeloader            com.entalpiya.app                    D  Configuring clns-6 for other apk /data/app/~~jdbIcZcUW5jpSe_X760CEg==/com.entalpiya.app-4MqQVH5kLuuF2OELBA6VVg==/base.apk. target_sdk_version=33, uses_libraries=, library_path=/data/app/~~jdbIcZcUW5jpSe_X760CEg==/com.entalpiya.app-4MqQVH5kLuuF2OELBA6VVg==/lib/x86_64, permitted_path=/data:/mnt/expand:/data/user/0/com.entalpiya.app
2024-09-13 02:20:36.925 10179-10179 nativeloader            com.entalpiya.app                    D  Load libframework-connectivity-jni.so using APEX ns com_android_tethering for caller /apex/com.android.tethering/javalib/framework-connectivity.jar: ok
2024-09-13 02:20:37.010 10179-10179 GraphicsEnvironment     com.entalpiya.app                    V  Currently set values for:
2024-09-13 02:20:37.010 10179-10179 GraphicsEnvironment     com.entalpiya.app                    V    angle_gl_driver_selection_pkgs=[]
2024-09-13 02:20:37.010 10179-10179 GraphicsEnvironment     com.entalpiya.app                    V    angle_gl_driver_selection_values=[]
2024-09-13 02:20:37.021 10179-10179 GraphicsEnvironment     com.entalpiya.app                    V  ANGLE GameManagerService for com.entalpiya.app: false
2024-09-13 02:20:37.021 10179-10179 GraphicsEnvironment     com.entalpiya.app                    V  com.entalpiya.app is not listed in per-application setting
2024-09-13 02:20:37.021 10179-10179 GraphicsEnvironment     com.entalpiya.app                    V  Neither updatable production driver nor prerelease driver is supported.
2024-09-13 02:20:37.321 10179-10230 libEGL                  com.entalpiya.app                    D  loaded /vendor/lib64/egl/libEGL_emulation.so
2024-09-13 02:20:37.335 10179-10230 libEGL                  com.entalpiya.app                    D  loaded /vendor/lib64/egl/libGLESv1_CM_emulation.so
2024-09-13 02:20:37.338 10179-10230 libEGL                  com.entalpiya.app                    D  loaded /vendor/lib64/egl/libGLESv2_emulation.so
2024-09-13 02:20:37.683 10179-10179 Compatibil...geReporter com.entalpiya.app                    D  Compat change id reported: 237531167; UID 10190; state: DISABLED
2024-09-13 02:20:37.687 10179-10179 OpenGLRenderer          com.entalpiya.app                    W  Unknown dataspace 0
2024-09-13 02:20:37.697 10179-10179 Choreographer           com.entalpiya.app                    I  Skipped 35 frames!  The application may be doing too much work on its main thread.
2024-09-13 02:20:38.063 10179-10179 m.entalpiya.app         com.entalpiya.app                    W  Method java.lang.Object androidx.compose.runtime.snapshots.SnapshotStateMap.mutate(kotlin.jvm.functions.Function1) failed lock verification and will run slower.
                                                                                                    Common causes for lock verification issues are non-optimized dex code
                                                                                                    and incorrect proguard optimizations.
2024-09-13 02:20:38.063 10179-10179 m.entalpiya.app         com.entalpiya.app                    W  Method void androidx.compose.runtime.snapshots.SnapshotStateMap.update(kotlin.jvm.functions.Function1) failed lock verification and will run slower.
2024-09-13 02:20:38.065 10179-10179 m.entalpiya.app         com.entalpiya.app                    W  Method boolean androidx.compose.runtime.snapshots.SnapshotStateMap.removeIf$runtime_release(kotlin.jvm.functions.Function1) failed lock verification and will run slower.
2024-09-13 02:20:38.386 10179-10187 m.entalpiya.app         com.entalpiya.app                    I  Compiler allocated 4478KB to compile void android.view.ViewRootImpl.performTraversals()
2024-09-13 02:20:38.641 10179-10179 ziparchive              com.entalpiya.app                    W  Unable to open '/data/app/~~USrxb2BpJrckChBoGxXhVQ==/com.google.android.trichromelibrary_653310338-IQoGbH1Bx6FuG4EgCAed9w==/base.dm': No such file or directory
2024-09-13 02:20:38.641 10179-10179 ziparchive              com.entalpiya.app                    W  Unable to open '/data/app/~~USrxb2BpJrckChBoGxXhVQ==/com.google.android.trichromelibrary_653310338-IQoGbH1Bx6FuG4EgCAed9w==/base.dm': No such file or directory
2024-09-13 02:20:38.644 10179-10179 m.entalpiya.app         com.entalpiya.app                    W  Entry not found
2024-09-13 02:20:38.652 10179-10179 nativeloader            com.entalpiya.app                    D  Configuring clns-7 for other apk /data/app/~~USrxb2BpJrckChBoGxXhVQ==/com.google.android.trichromelibrary_653310338-IQoGbH1Bx6FuG4EgCAed9w==/base.apk. target_sdk_version=35, uses_libraries=ALL, library_path=/data/app/~~Sxozd8P1p67BjdRKYXnI2A==/com.google.android.webview-5g6Cun7sF9LyY-DonupzNQ==/lib/x86_64:/data/app/~~Sxozd8P1p67BjdRKYXnI2A==/com.google.android.webview-5g6Cun7sF9LyY-DonupzNQ==/base.apk!/lib/x86_64:/data/app/~~USrxb2BpJrckChBoGxXhVQ==/com.google.android.trichromelibrary_653310338-IQoGbH1Bx6FuG4EgCAed9w==/base.apk!/lib/x86_64, permitted_path=/data:/mnt/expand
2024-09-13 02:20:38.655 10179-10179 ApplicationLoaders      com.entalpiya.app                    D  Returning zygote-cached class loader: /system_ext/framework/androidx.window.extensions.jar
2024-09-13 02:20:38.668 10179-10179 nativeloader            com.entalpiya.app                    D  Configuring clns-8 for other apk /data/app/~~Sxozd8P1p67BjdRKYXnI2A==/com.google.android.webview-5g6Cun7sF9LyY-DonupzNQ==/base.apk. target_sdk_version=35, uses_libraries=, library_path=/data/app/~~Sxozd8P1p67BjdRKYXnI2A==/com.google.android.webview-5g6Cun7sF9LyY-DonupzNQ==/lib/x86_64:/data/app/~~Sxozd8P1p67BjdRKYXnI2A==/com.google.android.webview-5g6Cun7sF9LyY-DonupzNQ==/base.apk!/lib/x86_64:/data/app/~~USrxb2BpJrckChBoGxXhVQ==/com.google.android.trichromelibrary_653310338-IQoGbH1Bx6FuG4EgCAed9w==/base.apk!/lib/x86_64, permitted_path=/data:/mnt/expand
2024-09-13 02:20:38.683 10179-10179 WebViewFactory          com.entalpiya.app                    I  Loading com.google.android.webview version 127.0.6533.103 (code 653310338)
2024-09-13 02:20:38.844 10179-10179 cr_WVCFactoryProvider   com.entalpiya.app                    I  version=127.0.6533.103 (653310338) minSdkVersion=29 isBundle=true multiprocess=true packageId=2
2024-09-13 02:20:38.892 10179-10179 nativeloader            com.entalpiya.app                    D  Load /data/app/~~USrxb2BpJrckChBoGxXhVQ==/com.google.android.trichromelibrary_653310338-IQoGbH1Bx6FuG4EgCAed9w==/base.apk!/lib/x86_64/libmonochrome_64.so using ns clns-8 from class loader (caller=/data/app/~~Sxozd8P1p67BjdRKYXnI2A==/com.google.android.webview-5g6Cun7sF9LyY-DonupzNQ==/base.apk): ok
2024-09-13 02:20:38.938 10179-10179 nativeloader            com.entalpiya.app                    D  Load /system/lib64/libwebviewchromium_plat_support.so using ns clns-8 from class loader (caller=/data/app/~~Sxozd8P1p67BjdRKYXnI2A==/com.google.android.webview-5g6Cun7sF9LyY-DonupzNQ==/base.apk): ok
2024-09-13 02:20:38.974 10179-10235 chromium                com.entalpiya.app                    I  [0912/182038.954062:INFO:variations_seed_loader.cc(68)] Failed to open file for reading.: No such file or directory (2)
2024-09-13 02:20:38.984 10179-10235 chromium                com.entalpiya.app                    I  [INFO:variations_seed_loader.cc(68)] Failed to open file for reading.: No such file or directory (2)
2024-09-13 02:20:39.034 10179-10179 cr_LibraryLoader        com.entalpiya.app                    I  Successfully loaded native library
2024-09-13 02:20:39.039 10179-10179 cr_CachingUmaRecorder   com.entalpiya.app                    I  Flushed 6 samples from 6 histograms, 0 samples were dropped.
2024-09-13 02:20:39.068 10179-10179 cr_CombinedPProvider    com.entalpiya.app                    I  #registerProvider() provider:WV.V7@70a6c03 isPolicyCacheEnabled:false policyProvidersSize:0
2024-09-13 02:20:39.073 10179-10179 cr_PolicyProvider       com.entalpiya.app                    I  #setManagerAndSource() 0
2024-09-13 02:20:39.170 10179-10179 cr_CombinedPProvider    com.entalpiya.app                    I  #linkNativeInternal() 1
2024-09-13 02:20:39.170 10179-10179 Compatibil...geReporter com.entalpiya.app                    D  Compat change id reported: 183155436; UID 10190; state: ENABLED
2024-09-13 02:20:39.181 10179-10179 cr_AppResProvider       com.entalpiya.app                    I  #getApplicationRestrictionsFromUserManager() Bundle[EMPTY_PARCEL]
2024-09-13 02:20:39.182 10179-10179 cr_PolicyProvider       com.entalpiya.app                    I  #notifySettingsAvailable() 0
2024-09-13 02:20:39.182 10179-10179 cr_CombinedPProvider    com.entalpiya.app                    I  #onSettingsAvailable() 0
2024-09-13 02:20:39.182 10179-10179 cr_CombinedPProvider    com.entalpiya.app                    I  #flushPolicies()
2024-09-13 02:20:39.571 10179-10179 Compatibil...geReporter com.entalpiya.app                    D  Compat change id reported: 214741472; UID 10190; state: ENABLED
2024-09-13 02:20:39.603 10179-10179 Compatibil...geReporter com.entalpiya.app                    D  Compat change id reported: 171228096; UID 10190; state: ENABLED
2024-09-13 02:20:40.089 10179-10271 cr_media                com.entalpiya.app                    W  BLUETOOTH_CONNECT permission is missing.
2024-09-13 02:20:40.106 10179-10271 cr_media                com.entalpiya.app                    W  getBluetoothAdapter() requires BLUETOOTH permission
2024-09-13 02:20:40.106 10179-10271 cr_media                com.entalpiya.app                    W  registerBluetoothIntentsIfNeeded: Requires BLUETOOTH permission
2024-09-13 02:20:40.260 10179-10179 Compatibil...geReporter com.entalpiya.app                    D  Compat change id reported: 193247900; UID 10190; state: ENABLED
2024-09-13 02:20:40.650 10179-10187 m.entalpiya.app         com.entalpiya.app                    I  Compiler allocated 4746KB to compile void android.view.ViewRootImpl.performTraversals()
2024-09-13 02:20:40.768 10179-10226 OpenGLRenderer          com.entalpiya.app                    W  Failed to choose config with EGL_SWAP_BEHAVIOR_PRESERVED, retrying without...
2024-09-13 02:20:40.791 10179-10226 OpenGLRenderer          com.entalpiya.app                    W  Failed to initialize 101010-2 format, error = EGL_SUCCESS
2024-09-13 02:20:40.923 10179-10226 Gralloc4                com.entalpiya.app                    I  mapper 4.x is not supported
2024-09-13 02:20:40.977 10179-10226 OpenGLRenderer          com.entalpiya.app                    E  Unable to match the desired swap behavior.
2024-09-13 02:20:41.163 10179-10205 OpenGLRenderer          com.entalpiya.app                    I  Davey! duration=4022ms; Flags=1, FrameTimelineVsyncId=59910, IntendedVsync=5483889531124, Vsync=5484472864434, InputEventId=0, HandleInputStart=5484481800000, AnimationStart=5484481822700, PerformTraversalsStart=5484482458000, DrawStart=5487762093100, FrameDeadline=5483906197790, FrameInterval=5484480820200, FrameStartTime=16666666, SyncQueued=5487818816800, SyncStart=5487848321600, IssueDrawCommandsStart=5487849820200, SwapBuffers=5487921501300, FrameCompleted=5487941735500, DequeueBufferDuration=28700, QueueBufferDuration=254700, GpuCompleted=5487941735500, SwapBuffersCompleted=5487926291500, DisplayPresentTime=0, CommandSubmissionCompleted=5487921501300,
2024-09-13 02:20:41.461 10179-10179 Choreographer           com.entalpiya.app                    I  Skipped 216 frames!  The application may be doing too much work on its main thread.
2024-09-13 02:20:41.542 10179-10202 OpenGLRenderer          com.entalpiya.app                    I  Davey! duration=3669ms; Flags=0, FrameTimelineVsyncId=59954, IntendedVsync=5484639531094, Vsync=5488239530950, InputEventId=0, HandleInputStart=5488245752300, AnimationStart=5488245791300, PerformTraversalsStart=5488264092400, DrawStart=5488264335000, FrameDeadline=5487972864294, FrameInterval=5488245130400, FrameStartTime=16666666, SyncQueued=5488265605300, SyncStart=5488265703600, IssueDrawCommandsStart=5488265772600, SwapBuffers=5488267279400, FrameCompleted=5488309534000, DequeueBufferDuration=35300, QueueBufferDuration=3041300, GpuCompleted=5488309534000, SwapBuffersCompleted=5488294213700, DisplayPresentTime=0, CommandSubmissionCompleted=5488267279400,
2024-09-13 02:20:41.570 10179-10264 Compatibil...geReporter com.entalpiya.app                    D  Compat change id reported: 247079863; UID 10190; state: DISABLED
2024-09-13 02:20:42.158 10179-10179 chromium                com.entalpiya.app                    I  [INFO:CONSOLE(19)] "Uncaught SyntaxError: Invalid or unexpected token", source: file:///android_asset (19)
2024-09-13 02:20:42.774 10179-10226 EGL_emulation           com.entalpiya.app                    D  app_time_stats: avg=407.84ms min=9.86ms max=774.46ms count=4
2024-09-13 02:20:42.917 10179-10328 ProfileInstaller        com.entalpiya.app                    D  Installing profile for com.entalpiya.app
2024-09-13 02:22:58.329 10179-10226 OpenGLRenderer          com.entalpiya.app                    E  Unable to match the desired swap behavior.
2024-09-13 02:23:00.793 10179-10226 EGL_emulation           com.entalpiya.app                    D  app_time_stats: avg=527.90ms min=85.54ms max=1566.04ms count=4
2024-09-13 02:23:06.323 10179-10226 EGL_emulation           com.entalpiya.app                    D  app_time_stats: avg=424.88ms min=25.95ms max=4716.17ms count=13
2024-09-13 02:23:26.341 10179-10179 nativeloader            com.entalpiya.app                    D  Load /data/data/com.entalpiya.app/code_cache/startup_agents/8e9a2d18-agent.so using ns clns-6 from class loader (caller=<unknown>): ok
2024-09-13 02:23:26.337 10179-10179 m.entalpiya.app         com.entalpiya.app                    W  type=1400 audit(0.0:1132): avc:  granted  { execute } for  path="/data/data/com.entalpiya.app/code_cache/startup_agents/8e9a2d18-agent.so" dev="dm-40" ino=345822 scontext=u:r:untrusted_app_32:s0:c190,c256,c512,c768 tcontext=u:object_r:app_data_file:s0:c190,c256,c512,c768 tclass=file app=com.entalpiya.app
2024-09-13 02:23:26.350 10179-10179 m.entalpiya.app         com.entalpiya.app                    W  DexFile /data/data/com.entalpiya.app/code_cache/.studio/instruments-bd0f66b3.jar is in boot class path but is not in a known location
2024-09-13 02:23:26.353 10179-10179 ziparchive              com.entalpiya.app                    W  Unable to open '/data/data/com.entalpiya.app/code_cache/.studio/live_edit.dm': No such file or directory
2024-09-13 02:23:26.426 10179-10187 m.entalpiya.app         com.entalpiya.app                    I  JIT allocated 50KB for compiled code of void com.android.deploy.asm.ClassReader.readCode(com.android.deploy.asm.MethodVisitor, com.android.deploy.asm.Context, int)
2024-09-13 02:23:26.465 10179-10179 m.entalpiya.app         com.entalpiya.app                    W  Dex file created by class-definition time transformation of Lcom/entalpiya/app/index/presentation/IndexScreenKt$WebviewSample$1$1; is not checked for all retransformation invariants.
2024-09-13 02:23:26.468 10179-10179 m.entalpiya.app         com.entalpiya.app                    W  Dex file created by class-definition time transformation of Lcom/entalpiya/app/index/presentation/IndexScreenKt$WebviewSample$2$1; is not checked for all retransformation invariants.
2024-09-13 02:23:26.472 10179-10179 m.entalpiya.app         com.entalpiya.app                    W  Dex file created by class-definition time transformation of Lcom/entalpiya/app/index/presentation/IndexScreenKt$WebviewSample$3; is not checked for all retransformation invariants.
2024-09-13 02:23:26.475 10179-10179 m.entalpiya.app         com.entalpiya.app                    W  Dex file created by class-definition time transformation of Lcom/entalpiya/app/index/presentation/IndexScreenKt$IndexScreen$2; is not checked for all retransformation invariants.
2024-09-13 02:23:26.481 10179-10179 m.entalpiya.app         com.entalpiya.app                    W  Dex file created by class-definition time transformation of Lcom/entalpiya/app/index/presentation/IndexScreenKt$IndexScreen$1; is not checked for all retransformation invariants.
2024-09-13 02:23:27.154 10179-10179 Choreographer           com.entalpiya.app                    I  Skipped 38 frames!  The application may be doing too much work on its main thread.
2024-09-13 02:23:27.320 10179-10226 EGL_emulation           com.entalpiya.app                    D  app_time_stats: avg=2088.63ms min=11.88ms max=20621.41ms count=10
2024-09-13 02:23:27.329 10179-10327 OpenGLRenderer          com.entalpiya.app                    I  Davey! duration=817ms; Flags=0, FrameTimelineVsyncId=71477, IntendedVsync=5653289524348, Vsync=5653922857656, InputEventId=0, HandleInputStart=5653939582300, AnimationStart=5653939684400, PerformTraversalsStart=5653942770300, DrawStart=5654001581900, FrameDeadline=5653306191014, FrameInterval=5653938186400, FrameStartTime=16666666, SyncQueued=5654012240000, SyncStart=5654012501700, IssueDrawCommandsStart=5654013437000, SwapBuffers=5654103523000, FrameCompleted=5654107436600, DequeueBufferDuration=44500, QueueBufferDuration=326000, GpuCompleted=5654107436600, SwapBuffersCompleted=5654105660900, DisplayPresentTime=72904454231491234, CommandSubmissionCompleted=5654103523000,
2024-09-13 02:23:27.394 10179-10179 chromium                com.entalpiya.app                    I  [INFO:CONSOLE(19)] "Uncaught SyntaxError: Invalid or unexpected token", source: file:///android_asset (19)
2024-09-13 02:23:29.145 10179-10179 nativeloader            com.entalpiya.app                    D  Load /data/data/com.entalpiya.app/code_cache/startup_agents/8e9a2d18-agent.so using ns clns-6 from class loader (caller=<unknown>): ok
2024-09-13 02:23:31.199 10179-10179 nativeloader            com.entalpiya.app                    D  Load /data/data/com.entalpiya.app/code_cache/startup_agents/8e9a2d18-agent.so using ns clns-6 from class loader (caller=<unknown>): ok
2024-09-13 02:23:32.147 10179-10226 EGL_emulation           com.entalpiya.app                    D  app_time_stats: avg=804.42ms min=20.66ms max=4320.90ms count=6
2024-09-13 02:23:33.226 10179-10226 EGL_emulation           com.entalpiya.app                    D  app_time_stats: avg=20.71ms min=7.52ms max=70.84ms count=38
2024-09-13 02:23:33.268 10179-10179 nativeloader            com.entalpiya.app                    D  Load /data/data/com.entalpiya.app/code_cache/startup_agents/8e9a2d18-agent.so using ns clns-6 from class loader (caller=<unknown>): ok
2024-09-13 02:23:34.647 10179-10226 EGL_emulation           com.entalpiya.app                    D  app_time_stats: avg=68.40ms min=10.52ms max=809.02ms count=18
2024-09-13 02:23:35.314 10179-10179 nativeloader            com.entalpiya.app                    D  Load /data/data/com.entalpiya.app/code_cache/startup_agents/8e9a2d18-agent.so using ns clns-6 from class loader (caller=<unknown>): ok
2024-09-13 02:23:37.344 10179-10179 nativeloader            com.entalpiya.app                    D  Load /data/data/com.entalpiya.app/code_cache/startup_agents/8e9a2d18-agent.so using ns clns-6 from class loader (caller=<unknown>): ok
2024-09-13 02:23:43.149 10179-10179 nativeloader            com.entalpiya.app                    D  Load /data/data/com.entalpiya.app/code_cache/startup_agents/8e9a2d18-agent.so using ns clns-6 from class loader (caller=<unknown>): ok
2024-09-13 02:23:43.314 10179-10226 EGL_emulation           com.entalpiya.app                    D  app_time_stats: avg=425.92ms min=3.21ms max=7866.93ms count=20
2024-09-13 02:23:43.373 10179-10179 chromium                com.entalpiya.app                    I  [INFO:CONSOLE(19)] "Uncaught SyntaxError: Invalid or unexpected token", source: file:///android_asset (19)
2024-09-13 02:23:45.182 10179-10179 nativeloader            com.entalpiya.app                    D  Load /data/data/com.entalpiya.app/code_cache/startup_agents/8e9a2d18-agent.so using ns clns-6 from class loader (caller=<unknown>): ok
2024-09-13 02:23:47.138 10179-10179 nativeloader            com.entalpiya.app                    D  Load /data/data/com.entalpiya.app/code_cache/startup_agents/8e9a2d18-agent.so using ns clns-6 from class loader (caller=<unknown>): ok
2024-09-13 02:23:47.238 10179-10226 EGL_emulation           com.entalpiya.app                    D  app_time_stats: avg=650.40ms min=13.22ms max=3545.62ms count=6
2024-09-13 02:23:47.258 10179-10179 nativeloader            com.entalpiya.app                    D  Load /data/data/com.entalpiya.app/code_cache/startup_agents/8e9a2d18-agent.so using ns clns-6 from class loader (caller=<unknown>): ok
2024-09-13 02:23:47.282 10179-10179 chromium                com.entalpiya.app                    I  [INFO:CONSOLE(19)] "Uncaught SyntaxError: Invalid or unexpected token", source: file:///android_asset (19)
2024-09-13 02:23:49.276 10179-10179 nativeloader            com.entalpiya.app                    D  Load /data/data/com.entalpiya.app/code_cache/startup_agents/8e9a2d18-agent.so using ns clns-6 from class loader (caller=<unknown>): ok
2024-09-13 02:23:49.851 10179-10226 EGL_emulation           com.entalpiya.app                    D  app_time_stats: avg=430.74ms min=11.35ms max=2297.67ms count=6
2024-09-13 02:23:51.304 10179-10179 nativeloader            com.entalpiya.app                    D  Load /data/data/com.entalpiya.app/code_cache/startup_agents/8e9a2d18-agent.so using ns clns-6 from class loader (caller=<unknown>): ok
2024-09-13 02:23:51.782 10179-10226 EGL_emulation           com.entalpiya.app                    D  app_time_stats: avg=78.68ms min=6.78ms max=1068.47ms count=22
2024-09-13 02:23:53.238 10179-10226 EGL_emulation           com.entalpiya.app                    D  app_time_stats: avg=178.76ms min=9.14ms max=1277.70ms count=8
2024-09-13 02:23:53.397 10179-10179 nativeloader            com.entalpiya.app                    D  Load /data/data/com.entalpiya.app/code_cache/startup_agents/8e9a2d18-agent.so using ns clns-6 from class loader (caller=<unknown>): ok
2024-09-13 02:23:55.427 10179-10179 nativeloader            com.entalpiya.app                    D  Load /data/data/com.entalpiya.app/code_cache/startup_agents/8e9a2d18-agent.so using ns clns-6 from class loader (caller=<unknown>): ok
2024-09-13 02:24:27.768 10179-10226 EGL_emulation           com.entalpiya.app                    D  app_time_stats: avg=1493.07ms min=9.38ms max=33718.67ms count=23
2024-09-13 02:24:28.799 10179-10226 EGL_emulation           com.entalpiya.app                    D  app_time_stats: avg=38.47ms min=3.94ms max=373.03ms count=22
2024-09-13 02:24:29.830 10179-10226 EGL_emulation           com.entalpiya.app                    D  app_time_stats: avg=45.21ms min=9.70ms max=483.99ms count=20
2024-09-13 02:24:30.835 10179-10226 EGL_emulation           com.entalpiya.app                    D  app_time_stats: avg=26.04ms min=8.59ms max=232.82ms count=30
2024-09-13 02:24:31.881 10179-10226 EGL_emulation           com.entalpiya.app                    D  app_time_stats: avg=38.17ms min=10.10ms max=153.81ms count=20
2024-09-13 02:24:32.912 10179-10226 EGL_emulation           com.entalpiya.app                    D  app_time_stats: avg=30.12ms min=7.73ms max=250.80ms count=28
2024-09-13 02:24:33.942 10179-10226 EGL_emulation           com.entalpiya.app                    D  app_time_stats: avg=21.35ms min=8.51ms max=171.41ms count=37
2024-09-13 02:24:34.958 10179-10226 EGL_emulation           com.entalpiya.app                    D  app_time_stats: avg=46.87ms min=8.41ms max=488.12ms count=19
2024-09-13 02:24:35.967 10179-10226 EGL_emulation           com.entalpiya.app                    D  app_time_stats: avg=26.49ms min=4.50ms max=180.38ms count=29
2024-09-13 02:24:36.983 10179-10226 EGL_emulation           com.entalpiya.app                    D  app_time_stats: avg=22.85ms min=8.99ms max=204.83ms count=36
2024-09-13 02:24:38.004 10179-10226 EGL_emulation           com.entalpiya.app                    D  app_time_stats: avg=16.71ms min=6.14ms max=47.08ms count=41
2024-09-13 02:24:39.065 10179-10226 EGL_emulation           com.entalpiya.app                    D  app_time_stats: avg=25.92ms min=6.63ms max=61.11ms count=29
2024-09-13 02:24:40.088 10179-10226 EGL_emulation           com.entalpiya.app                    D  app_time_stats: avg=28.54ms min=5.82ms max=243.95ms count=27
2024-09-13 02:24:41.138 10179-10226 EGL_emulation           com.entalpiya.app                    D  app_time_stats: avg=23.63ms min=7.65ms max=163.68ms count=34
2024-09-13 02:24:54.819 10179-10226 EGL_emulation           com.entalpiya.app                    D  app_time_stats: avg=970.28ms min=7.63ms max=13381.32ms count=14
2024-09-13 02:24:55.853 10179-10226 EGL_emulation           com.entalpiya.app                    D  app_time_stats: avg=36.63ms min=15.18ms max=90.92ms count=22
2024-09-13 02:24:56.885 10179-10226 EGL_emulation           com.entalpiya.app                    D  app_time_stats: avg=28.93ms min=7.85ms max=56.94ms count=25
2024-09-13 02:27:05.096 11206-11206 m.entalpiya.app         com.entalpiya.app                    I  Late-enabling -Xcheck:jni
2024-09-13 02:27:05.181 11206-11206 m.entalpiya.app         com.entalpiya.app                    I  Using CollectorTypeCMC GC.
2024-09-13 02:27:05.181 11206-11206 m.entalpiya.app         com.entalpiya.app                    W  Unexpected CPU variant for x86: x86_64.
                                                                                                    Known variants: atom, sandybridge, silvermont, goldmont, goldmont-plus, goldmont-without-sha-xsaves, tremont, kabylake, default
2024-09-13 02:27:05.389 11206-11206 nativeloader            com.entalpiya.app                    D  Load libframework-connectivity-tiramisu-jni.so using APEX ns com_android_tethering for caller /apex/com.android.tethering/javalib/framework-connectivity-t.jar: ok
2024-09-13 02:27:06.332 11206-11206 Compatibil...geReporter com.entalpiya.app                    D  Compat change id reported: 171979766; UID 10190; state: ENABLED
2024-09-13 02:27:06.333 11206-11206 Compatibil...geReporter com.entalpiya.app                    D  Compat change id reported: 242716250; UID 10190; state: DISABLED
2024-09-13 02:27:06.390 11206-11206 ziparchive              com.entalpiya.app                    W  Unable to open '/data/app/~~NMQNm95hmZuRGMGrLlu1pw==/com.entalpiya.app-mc70-hrqiID4QfMms6WbwQ==/base.dm': No such file or directory
2024-09-13 02:27:06.390 11206-11206 ziparchive              com.entalpiya.app                    W  Unable to open '/data/app/~~NMQNm95hmZuRGMGrLlu1pw==/com.entalpiya.app-mc70-hrqiID4QfMms6WbwQ==/base.dm': No such file or directory
2024-09-13 02:27:06.875 11206-11206 nativeloader            com.entalpiya.app                    D  Configuring clns-6 for other apk /data/app/~~NMQNm95hmZuRGMGrLlu1pw==/com.entalpiya.app-mc70-hrqiID4QfMms6WbwQ==/base.apk. target_sdk_version=33, uses_libraries=, library_path=/data/app/~~NMQNm95hmZuRGMGrLlu1pw==/com.entalpiya.app-mc70-hrqiID4QfMms6WbwQ==/lib/x86_64, permitted_path=/data:/mnt/expand:/data/user/0/com.entalpiya.app
2024-09-13 02:27:06.925 11206-11206 nativeloader            com.entalpiya.app                    D  Load libframework-connectivity-jni.so using APEX ns com_android_tethering for caller /apex/com.android.tethering/javalib/framework-connectivity.jar: ok
2024-09-13 02:27:06.969 11206-11206 GraphicsEnvironment     com.entalpiya.app                    V  Currently set values for:
2024-09-13 02:27:06.969 11206-11206 GraphicsEnvironment     com.entalpiya.app                    V    angle_gl_driver_selection_pkgs=[]
2024-09-13 02:27:06.969 11206-11206 GraphicsEnvironment     com.entalpiya.app                    V    angle_gl_driver_selection_values=[]
2024-09-13 02:27:06.970 11206-11206 GraphicsEnvironment     com.entalpiya.app                    V  ANGLE GameManagerService for com.entalpiya.app: false
2024-09-13 02:27:06.970 11206-11206 GraphicsEnvironment     com.entalpiya.app                    V  com.entalpiya.app is not listed in per-application setting
2024-09-13 02:27:06.970 11206-11206 GraphicsEnvironment     com.entalpiya.app                    V  Neither updatable production driver nor prerelease driver is supported.
2024-09-13 02:27:07.348 11206-11261 libEGL                  com.entalpiya.app                    D  loaded /vendor/lib64/egl/libEGL_emulation.so
2024-09-13 02:27:07.462 11206-11261 libEGL                  com.entalpiya.app                    D  loaded /vendor/lib64/egl/libGLESv1_CM_emulation.so
2024-09-13 02:27:07.464 11206-11261 libEGL                  com.entalpiya.app                    D  loaded /vendor/lib64/egl/libGLESv2_emulation.so
2024-09-13 02:27:08.221 11206-11206 Compatibil...geReporter com.entalpiya.app                    D  Compat change id reported: 237531167; UID 10190; state: DISABLED
2024-09-13 02:27:08.234 11206-11206 OpenGLRenderer          com.entalpiya.app                    W  Unknown dataspace 0
2024-09-13 02:27:08.310 11206-11206 Choreographer           com.entalpiya.app                    I  Skipped 72 frames!  The application may be doing too much work on its main thread.
2024-09-13 02:27:09.483 11206-11206 m.entalpiya.app         com.entalpiya.app                    W  Method java.lang.Object androidx.compose.runtime.snapshots.SnapshotStateMap.mutate(kotlin.jvm.functions.Function1) failed lock verification and will run slower.
                                                                                                    Common causes for lock verification issues are non-optimized dex code
                                                                                                    and incorrect proguard optimizations.
2024-09-13 02:27:09.483 11206-11206 m.entalpiya.app         com.entalpiya.app                    W  Method void androidx.compose.runtime.snapshots.SnapshotStateMap.update(kotlin.jvm.functions.Function1) failed lock verification and will run slower.
2024-09-13 02:27:09.485 11206-11206 m.entalpiya.app         com.entalpiya.app                    W  Method boolean androidx.compose.runtime.snapshots.SnapshotStateMap.removeIf$runtime_release(kotlin.jvm.functions.Function1) failed lock verification and will run slower.
2024-09-13 02:27:09.983 11206-11211 m.entalpiya.app         com.entalpiya.app                    I  Compiler allocated 4478KB to compile void android.view.ViewRootImpl.performTraversals()
2024-09-13 02:27:10.407 11206-11206 ziparchive              com.entalpiya.app                    W  Unable to open '/data/app/~~USrxb2BpJrckChBoGxXhVQ==/com.google.android.trichromelibrary_653310338-IQoGbH1Bx6FuG4EgCAed9w==/base.dm': No such file or directory
2024-09-13 02:27:10.407 11206-11206 ziparchive              com.entalpiya.app                    W  Unable to open '/data/app/~~USrxb2BpJrckChBoGxXhVQ==/com.google.android.trichromelibrary_653310338-IQoGbH1Bx6FuG4EgCAed9w==/base.dm': No such file or directory
2024-09-13 02:27:10.412 11206-11206 m.entalpiya.app         com.entalpiya.app                    W  Entry not found
2024-09-13 02:27:10.419 11206-11206 nativeloader            com.entalpiya.app                    D  Configuring clns-7 for other apk /data/app/~~USrxb2BpJrckChBoGxXhVQ==/com.google.android.trichromelibrary_653310338-IQoGbH1Bx6FuG4EgCAed9w==/base.apk. target_sdk_version=35, uses_libraries=ALL, library_path=/data/app/~~Sxozd8P1p67BjdRKYXnI2A==/com.google.android.webview-5g6Cun7sF9LyY-DonupzNQ==/lib/x86_64:/data/app/~~Sxozd8P1p67BjdRKYXnI2A==/com.google.android.webview-5g6Cun7sF9LyY-DonupzNQ==/base.apk!/lib/x86_64:/data/app/~~USrxb2BpJrckChBoGxXhVQ==/com.google.android.trichromelibrary_653310338-IQoGbH1Bx6FuG4EgCAed9w==/base.apk!/lib/x86_64, permitted_path=/data:/mnt/expand
2024-09-13 02:27:10.420 11206-11206 ApplicationLoaders      com.entalpiya.app                    D  Returning zygote-cached class loader: /system_ext/framework/androidx.window.extensions.jar
2024-09-13 02:27:10.429 11206-11206 nativeloader            com.entalpiya.app                    D  Configuring clns-8 for other apk /data/app/~~Sxozd8P1p67BjdRKYXnI2A==/com.google.android.webview-5g6Cun7sF9LyY-DonupzNQ==/base.apk. target_sdk_version=35, uses_libraries=, library_path=/data/app/~~Sxozd8P1p67BjdRKYXnI2A==/com.google.android.webview-5g6Cun7sF9LyY-DonupzNQ==/lib/x86_64:/data/app/~~Sxozd8P1p67BjdRKYXnI2A==/com.google.android.webview-5g6Cun7sF9LyY-DonupzNQ==/base.apk!/lib/x86_64:/data/app/~~USrxb2BpJrckChBoGxXhVQ==/com.google.android.trichromelibrary_653310338-IQoGbH1Bx6FuG4EgCAed9w==/base.apk!/lib/x86_64, permitted_path=/data:/mnt/expand
2024-09-13 02:27:10.435 11206-11206 WebViewFactory          com.entalpiya.app                    I  Loading com.google.android.webview version 127.0.6533.103 (code 653310338)
2024-09-13 02:27:10.739 11206-11206 cr_WVCFactoryProvider   com.entalpiya.app                    I  version=127.0.6533.103 (653310338) minSdkVersion=29 isBundle=true multiprocess=true packageId=2
2024-09-13 02:27:10.771 11206-11206 nativeloader            com.entalpiya.app                    D  Load /data/app/~~USrxb2BpJrckChBoGxXhVQ==/com.google.android.trichromelibrary_653310338-IQoGbH1Bx6FuG4EgCAed9w==/base.apk!/lib/x86_64/libmonochrome_64.so using ns clns-8 from class loader (caller=/data/app/~~Sxozd8P1p67BjdRKYXnI2A==/com.google.android.webview-5g6Cun7sF9LyY-DonupzNQ==/base.apk): ok
2024-09-13 02:27:10.824 11206-11206 nativeloader            com.entalpiya.app                    D  Load /system/lib64/libwebviewchromium_plat_support.so using ns clns-8 from class loader (caller=/data/app/~~Sxozd8P1p67BjdRKYXnI2A==/com.google.android.webview-5g6Cun7sF9LyY-DonupzNQ==/base.apk): ok
2024-09-13 02:27:10.936 11206-11385 chromium                com.entalpiya.app                    E  [0912/182710.914027:ERROR:variations_seed_loader.cc(39)] Seed missing signature.
2024-09-13 02:27:10.964 11206-11385 chromium                com.entalpiya.app                    I  [0912/182710.958150:INFO:variations_seed_loader.cc(68)] Failed to open file for reading.: No such file or directory (2)
2024-09-13 02:27:11.035 11206-11206 cr_LibraryLoader        com.entalpiya.app                    I  Successfully loaded native library
2024-09-13 02:27:11.046 11206-11206 cr_CachingUmaRecorder   com.entalpiya.app                    I  Flushed 6 samples from 6 histograms, 0 samples were dropped.
2024-09-13 02:27:11.130 11206-11206 cr_CombinedPProvider    com.entalpiya.app                    I  #registerProvider() provider:WV.V7@a28e6bd isPolicyCacheEnabled:false policyProvidersSize:0
2024-09-13 02:27:11.141 11206-11206 cr_PolicyProvider       com.entalpiya.app                    I  #setManagerAndSource() 0
2024-09-13 02:27:11.467 11206-11206 cr_CombinedPProvider    com.entalpiya.app                    I  #linkNativeInternal() 1
2024-09-13 02:27:11.467 11206-11206 Compatibil...geReporter com.entalpiya.app                    D  Compat change id reported: 183155436; UID 10190; state: ENABLED
2024-09-13 02:27:11.471 11206-11206 cr_AppResProvider       com.entalpiya.app                    I  #getApplicationRestrictionsFromUserManager() Bundle[EMPTY_PARCEL]
2024-09-13 02:27:11.471 11206-11206 cr_PolicyProvider       com.entalpiya.app                    I  #notifySettingsAvailable() 0
2024-09-13 02:27:11.471 11206-11206 cr_CombinedPProvider    com.entalpiya.app                    I  #onSettingsAvailable() 0
2024-09-13 02:27:11.471 11206-11206 cr_CombinedPProvider    com.entalpiya.app                    I  #flushPolicies()
2024-09-13 02:27:11.836 11206-11404 chromium                com.entalpiya.app                    E  [ERROR:simple_version_upgrade.cc(152)] Failed to write a new fake index.
2024-09-13 02:27:11.880 11206-11206 Compatibil...geReporter com.entalpiya.app                    D  Compat change id reported: 214741472; UID 10190; state: ENABLED
2024-09-13 02:27:11.896 11206-11206 Compatibil...geReporter com.entalpiya.app                    D  Compat change id reported: 171228096; UID 10190; state: ENABLED
2024-09-13 02:27:12.614 11206-11411 cr_media                com.entalpiya.app                    W  BLUETOOTH_CONNECT permission is missing.
2024-09-13 02:27:12.617 11206-11411 cr_media                com.entalpiya.app                    W  getBluetoothAdapter() requires BLUETOOTH permission
2024-09-13 02:27:12.618 11206-11411 cr_media                com.entalpiya.app                    W  registerBluetoothIntentsIfNeeded: Requires BLUETOOTH permission
2024-09-13 02:27:13.007 11206-11206 Compatibil...geReporter com.entalpiya.app                    D  Compat change id reported: 193247900; UID 10190; state: ENABLED
2024-09-13 02:27:13.401 11206-11211 m.entalpiya.app         com.entalpiya.app                    I  Compiler allocated 4746KB to compile void android.view.ViewRootImpl.performTraversals()
2024-09-13 02:27:13.603 11206-11259 OpenGLRenderer          com.entalpiya.app                    W  Failed to choose config with EGL_SWAP_BEHAVIOR_PRESERVED, retrying without...
2024-09-13 02:27:13.609 11206-11259 OpenGLRenderer          com.entalpiya.app                    W  Failed to initialize 101010-2 format, error = EGL_SUCCESS
2024-09-13 02:27:13.732 11206-11259 Gralloc4                com.entalpiya.app                    I  mapper 4.x is not supported
2024-09-13 02:27:13.801 11206-11259 OpenGLRenderer          com.entalpiya.app                    E  Unable to match the desired swap behavior.
2024-09-13 02:27:13.977 11206-11240 OpenGLRenderer          com.entalpiya.app                    I  Davey! duration=6864ms; Flags=1, FrameTimelineVsyncId=82978, IntendedVsync=5873872848858, Vsync=5875072848810, InputEventId=0, HandleInputStart=5875095163600, AnimationStart=5875095195800, PerformTraversalsStart=5875095446700, DrawStart=5880586861600, FrameDeadline=5873889515524, FrameInterval=5875085829500, FrameStartTime=16666666, SyncQueued=5880635215900, SyncStart=5880654658500, IssueDrawCommandsStart=5880678303900, SwapBuffers=5880746180200, FrameCompleted=5880756707500, DequeueBufferDuration=26300, QueueBufferDuration=1948800, GpuCompleted=5880756707500, SwapBuffersCompleted=5880750196300, DisplayPresentTime=0, CommandSubmissionCompleted=5880746180200,
2024-09-13 02:27:14.322 11206-11404 Compatibil...geReporter com.entalpiya.app                    D  Compat change id reported: 247079863; UID 10190; state: DISABLED
2024-09-13 02:27:14.628 11206-11206 m.entalpiya.app         com.entalpiya.app                    W  Verification of void kotlin.collections.ArraysKt___ArraysKt.shuffle(java.lang.Object[]) took 103.429ms (125.69 bytecodes/s) (2480B approximate peak alloc)
2024-09-13 02:27:14.681 11206-11206 chromium                com.entalpiya.app                    I  [INFO:CONSOLE(19)] "Uncaught SyntaxError: Invalid or unexpected token", source: file:///android_asset (19)
2024-09-13 02:27:14.753 11206-11206 Choreographer           com.entalpiya.app                    I  Skipped 346 frames!  The application may be doing too much work on its main thread.
2024-09-13 02:27:14.869 11206-11240 OpenGLRenderer          com.entalpiya.app                    I  Davey! duration=5951ms; Flags=0, FrameTimelineVsyncId=83152, IntendedVsync=5875689515452, Vsync=5881456181888, InputEventId=0, HandleInputStart=5881559157600, AnimationStart=5881559192200, PerformTraversalsStart=5881611644400, DrawStart=5881625504500, FrameDeadline=5880789515248, FrameInterval=5881467346700, FrameStartTime=16666666, SyncQueued=5881626122600, SyncStart=5881626888500, IssueDrawCommandsStart=5881626933200, SwapBuffers=5881628897000, FrameCompleted=5881641963400, DequeueBufferDuration=43800, QueueBufferDuration=565600, GpuCompleted=5881641963400, SwapBuffersCompleted=5881630791100, DisplayPresentTime=0, CommandSubmissionCompleted=5881628897000,
2024-09-13 02:27:15.268 11206-11482 ProfileInstaller        com.entalpiya.app                    D  Installing profile for com.entalpiya.app
2024-09-13 02:27:15.346 11206-11212 m.entalpiya.app         com.entalpiya.app                    W  Suspending all threads took: 12.532ms
2024-09-13 02:27:15.396 11206-11212 m.entalpiya.app         com.entalpiya.app                    I  Background concurrent mark compact GC freed 4743KB AllocSpace bytes, 10(200KB) LOS objects, 49% free, 4953KB/9906KB, paused 13.177ms,15.197ms total 198.896ms
